AR lcd_gan_dulieu_hienthi behavioral H:/BAI_1_MR_DEM_LEN_DICH_TSP_DEM_XUONG_DICH_PST/LCD_GAN_DULIEU_HIENTHI.vhd sub00/vhpl14 1544327203
AR debounce_btn behavioral H:/BAI_1_MR_DEM_LEN_DICH_TSP_DEM_XUONG_DICH_PST/DEBOUNCE_BTN.vhd sub00/vhpl02 1544327189
AR chia_10ena behavioral H:/BAI_1_MR_DEM_LEN_DICH_TSP_DEM_XUONG_DICH_PST/CHIA_10ENA.vhd sub00/vhpl10 1544327197
AR lam_hep_xung behavioral H:/BAI_1_MR_DEM_LEN_DICH_TSP_DEM_XUONG_DICH_PST/LAM_HEP_XUNG.vhd sub00/vhpl04 1544327191
EN dem_1bit_btn NULL H:/BAI_1_MR_DEM_LEN_DICH_TSP_DEM_XUONG_DICH_PST/DEM_1BIT_BTN.vhd sub00/vhpl11 1544327198
EN debounce_btn NULL H:/BAI_1_MR_DEM_LEN_DICH_TSP_DEM_XUONG_DICH_PST/DEBOUNCE_BTN.vhd sub00/vhpl01 1544327188
AR dem_1bit_btn behavioral H:/BAI_1_MR_DEM_LEN_DICH_TSP_DEM_XUONG_DICH_PST/DEM_1BIT_BTN.vhd sub00/vhpl12 1544327199
AR lcd_khoitao_hienthi behavioral H:/BAI_1_MR_DEM_LEN_DICH_TSP_DEM_XUONG_DICH_PST/LCD_KHOITAO_HIENTHI.vhd sub00/vhpl16 1544327205
EN lcd_mr_henthi_dem_len_xuong_dich_tsp_pst NULL H:/BAI_1_MR_DEM_LEN_DICH_TSP_DEM_XUONG_DICH_PST/LCD_MR_HENTHI_DEM_LEN_XUONG_DICH_TSP_PST.vhd sub00/vhpl00 1544327206
EN dem_1bit NULL H:/BAI_1_MR_DEM_LEN_DICH_TSP_DEM_XUONG_DICH_PST/DEM_1BIT.vhd sub00/vhpl07 1544327194
EN dem_2so_ud NULL H:/BAI_1_MR_DEM_LEN_DICH_TSP_DEM_XUONG_DICH_PST/DEM_2SO_UD.vhd sub00/vhpl17 1544327200
EN lcd_khoitao_hienthi NULL H:/BAI_1_MR_DEM_LEN_DICH_TSP_DEM_XUONG_DICH_PST/LCD_KHOITAO_HIENTHI.vhd sub00/vhpl15 1544327204
AR dem_1bit behavioral H:/BAI_1_MR_DEM_LEN_DICH_TSP_DEM_XUONG_DICH_PST/DEM_1BIT.vhd sub00/vhpl08 1544327195
AR cd_lam_hep_btn behavioral H:/BAI_1_MR_DEM_LEN_DICH_TSP_DEM_XUONG_DICH_PST/CD_LAM_HEP_BTN.vhd sub00/vhpl06 1544327193
EN lcd_gan_dulieu_hienthi NULL H:/BAI_1_MR_DEM_LEN_DICH_TSP_DEM_XUONG_DICH_PST/LCD_GAN_DULIEU_HIENTHI.vhd sub00/vhpl13 1544327202
AR lcd_mr_henthi_dem_len_xuong_dich_tsp_pst behavioral H:/BAI_1_MR_DEM_LEN_DICH_TSP_DEM_XUONG_DICH_PST/LCD_MR_HENTHI_DEM_LEN_XUONG_DICH_TSP_PST.vhd sub00/vhpl19 1544327207
EN lam_hep_xung NULL H:/BAI_1_MR_DEM_LEN_DICH_TSP_DEM_XUONG_DICH_PST/LAM_HEP_XUNG.vhd sub00/vhpl03 1544327190
AR dem_2so_ud behavioral H:/BAI_1_MR_DEM_LEN_DICH_TSP_DEM_XUONG_DICH_PST/DEM_2SO_UD.vhd sub00/vhpl18 1544327201
EN chia_10ena NULL H:/BAI_1_MR_DEM_LEN_DICH_TSP_DEM_XUONG_DICH_PST/CHIA_10ENA.vhd sub00/vhpl09 1544327196
EN cd_lam_hep_btn NULL H:/BAI_1_MR_DEM_LEN_DICH_TSP_DEM_XUONG_DICH_PST/CD_LAM_HEP_BTN.vhd sub00/vhpl05 1544327192
