V3 59
FL "D:/MON HOC/HKI_2018-2019/TT_VHDL/CHUONG_6/BAI_MR/BAI_1_MR_DEM_LEN_DICH_TSP_DEM_XUONG_DICH_PST/CD_LAM_HEP_BTN.vhd" 2018/09/29.10:13:44 P.20131013
FL "D:/MON HOC/HKI_2018-2019/TT_VHDL/CHUONG_6/BAI_MR/BAI_1_MR_DEM_LEN_DICH_TSP_DEM_XUONG_DICH_PST/CHIA_10ENA.vhd" 2018/12/07.08:41:32 P.20131013
FL "D:/MON HOC/HKI_2018-2019/TT_VHDL/CHUONG_6/BAI_MR/BAI_1_MR_DEM_LEN_DICH_TSP_DEM_XUONG_DICH_PST/DEBOUNCE_BTN.vhd" 2018/09/29.10:15:40 P.20131013
FL "D:/MON HOC/HKI_2018-2019/TT_VHDL/CHUONG_6/BAI_MR/BAI_1_MR_DEM_LEN_DICH_TSP_DEM_XUONG_DICH_PST/DEM_1BIT.vhd" 2018/11/25.09:34:06 P.20131013
FL "D:/MON HOC/HKI_2018-2019/TT_VHDL/CHUONG_6/BAI_MR/BAI_1_MR_DEM_LEN_DICH_TSP_DEM_XUONG_DICH_PST/DEM_1BIT_BTN.vhd" 2018/09/29.10:20:54 P.20131013
FL "D:/MON HOC/HKI_2018-2019/TT_VHDL/CHUONG_6/BAI_MR/BAI_1_MR_DEM_LEN_DICH_TSP_DEM_XUONG_DICH_PST/DEM_2SO_UD.vhd" 2018/12/07.08:12:30 P.20131013
FL "D:/MON HOC/HKI_2018-2019/TT_VHDL/CHUONG_6/BAI_MR/BAI_1_MR_DEM_LEN_DICH_TSP_DEM_XUONG_DICH_PST/LAM_HEP_XUNG.vhd" 2018/09/29.10:17:21 P.20131013
FL "D:/MON HOC/HKI_2018-2019/TT_VHDL/CHUONG_6/BAI_MR/BAI_1_MR_DEM_LEN_DICH_TSP_DEM_XUONG_DICH_PST/LCD_GAN_DULIEU_HIENTHI.vhd" 2018/12/07.08:39:33 P.20131013
FL "D:/MON HOC/HKI_2018-2019/TT_VHDL/CHUONG_6/BAI_MR/BAI_1_MR_DEM_LEN_DICH_TSP_DEM_XUONG_DICH_PST/LCD_KHOITAO_HIENTHI.vhd" 2018/11/27.12:02:49 P.20131013
FL "D:/MON HOC/HKI_2018-2019/TT_VHDL/CHUONG_6/BAI_MR/BAI_1_MR_DEM_LEN_DICH_TSP_DEM_XUONG_DICH_PST/LCD_MR_HENTHI_DEM_LEN_XUONG_DICH_TSP_PST.vhd" 2018/12/07.08:41:11 P.20131013
FL "D:/tail_lieu/hoc _ky_1 _2018-2019/TT VHDL/TT_VHDL/BAI_TU_LAM/BAI_1_MR_DEM_LEN_DICH_TSP_DEM_XUONG_DICH_PST/CD_LAM_HEP_BTN.vhd" 2018/09/29.10:13:44 P.20131013
FL "D:/tail_lieu/hoc _ky_1 _2018-2019/TT VHDL/TT_VHDL/BAI_TU_LAM/BAI_1_MR_DEM_LEN_DICH_TSP_DEM_XUONG_DICH_PST/CHIA_10ENA.vhd" 2018/12/07.08:41:32 P.20131013
FL "D:/tail_lieu/hoc _ky_1 _2018-2019/TT VHDL/TT_VHDL/BAI_TU_LAM/BAI_1_MR_DEM_LEN_DICH_TSP_DEM_XUONG_DICH_PST/DEBOUNCE_BTN.vhd" 2018/09/29.10:15:40 P.20131013
FL "D:/tail_lieu/hoc _ky_1 _2018-2019/TT VHDL/TT_VHDL/BAI_TU_LAM/BAI_1_MR_DEM_LEN_DICH_TSP_DEM_XUONG_DICH_PST/DEM_1BIT.vhd" 2018/11/25.09:34:06 P.20131013
FL "D:/tail_lieu/hoc _ky_1 _2018-2019/TT VHDL/TT_VHDL/BAI_TU_LAM/BAI_1_MR_DEM_LEN_DICH_TSP_DEM_XUONG_DICH_PST/DEM_1BIT_BTN.vhd" 2018/09/29.10:20:54 P.20131013
FL "D:/tail_lieu/hoc _ky_1 _2018-2019/TT VHDL/TT_VHDL/BAI_TU_LAM/BAI_1_MR_DEM_LEN_DICH_TSP_DEM_XUONG_DICH_PST/DEM_2SO_UD.vhd" 2018/12/07.08:12:30 P.20131013
FL "D:/tail_lieu/hoc _ky_1 _2018-2019/TT VHDL/TT_VHDL/BAI_TU_LAM/BAI_1_MR_DEM_LEN_DICH_TSP_DEM_XUONG_DICH_PST/LAM_HEP_XUNG.vhd" 2018/09/29.10:17:21 P.20131013
FL "D:/tail_lieu/hoc _ky_1 _2018-2019/TT VHDL/TT_VHDL/BAI_TU_LAM/BAI_1_MR_DEM_LEN_DICH_TSP_DEM_XUONG_DICH_PST/LCD_GAN_DULIEU_HIENTHI.vhd" 2018/12/07.08:39:33 P.20131013
FL "D:/tail_lieu/hoc _ky_1 _2018-2019/TT VHDL/TT_VHDL/BAI_TU_LAM/BAI_1_MR_DEM_LEN_DICH_TSP_DEM_XUONG_DICH_PST/LCD_KHOITAO_HIENTHI.vhd" 2018/11/27.12:02:49 P.20131013
FL "D:/tail_lieu/hoc _ky_1 _2018-2019/TT VHDL/TT_VHDL/BAI_TU_LAM/BAI_1_MR_DEM_LEN_DICH_TSP_DEM_XUONG_DICH_PST/LCD_MR_HENTHI_DEM_LEN_XUONG_DICH_TSP_PST.vhd" 2018/12/07.08:41:11 P.20131013
FL H:/BAI_1_MR_DEM_LEN_DICH_TSP_DEM_XUONG_DICH_PST/CD_LAM_HEP_BTN.vhd 2018/09/29.10:13:44 P.20131013
EN work/CD_LAM_HEP_BTN 1544327192 \
      FL H:/BAI_1_MR_DEM_LEN_DICH_TSP_DEM_XUONG_DICH_PST/CD_LAM_HEP_BTN.vhd \
      PB ieee/std_logic_1164 1381692176
AR work/CD_LAM_HEP_BTN/Behavioral 1544327193 \
      FL H:/BAI_1_MR_DEM_LEN_DICH_TSP_DEM_XUONG_DICH_PST/CD_LAM_HEP_BTN.vhd \
      EN work/CD_LAM_HEP_BTN 1544327192 CP work/DEBOUNCE_BTN CP work/LAM_HEP_XUNG
FL H:/BAI_1_MR_DEM_LEN_DICH_TSP_DEM_XUONG_DICH_PST/CHIA_10ENA.vhd 2018/12/07.08:41:32 P.20131013
EN work/CHIA_10ENA 1544327196 \
      FL H:/BAI_1_MR_DEM_LEN_DICH_TSP_DEM_XUONG_DICH_PST/CHIA_10ENA.vhd \
      PB ieee/std_logic_1164 1381692176 PB ieee/std_logic_arith 1381692177
AR work/CHIA_10ENA/Behavioral 1544327197 \
      FL H:/BAI_1_MR_DEM_LEN_DICH_TSP_DEM_XUONG_DICH_PST/CHIA_10ENA.vhd \
      EN work/CHIA_10ENA 1544327196
FL H:/BAI_1_MR_DEM_LEN_DICH_TSP_DEM_XUONG_DICH_PST/DEBOUNCE_BTN.vhd 2018/09/29.10:15:40 P.20131013
EN work/DEBOUNCE_BTN 1544327188 \
      FL H:/BAI_1_MR_DEM_LEN_DICH_TSP_DEM_XUONG_DICH_PST/DEBOUNCE_BTN.vhd \
      PB ieee/std_logic_1164 1381692176 PB ieee/std_logic_arith 1381692177 \
      PB ieee/STD_LOGIC_UNSIGNED 1381692179
AR work/DEBOUNCE_BTN/Behavioral 1544327189 \
      FL H:/BAI_1_MR_DEM_LEN_DICH_TSP_DEM_XUONG_DICH_PST/DEBOUNCE_BTN.vhd \
      EN work/DEBOUNCE_BTN 1544327188
FL H:/BAI_1_MR_DEM_LEN_DICH_TSP_DEM_XUONG_DICH_PST/DEM_1BIT.vhd 2018/11/25.09:34:06 P.20131013
EN work/DEM_1BIT 1544327194 \
      FL H:/BAI_1_MR_DEM_LEN_DICH_TSP_DEM_XUONG_DICH_PST/DEM_1BIT.vhd \
      PB ieee/std_logic_1164 1381692176 PB ieee/std_logic_arith 1381692177 \
      PB ieee/STD_LOGIC_UNSIGNED 1381692179
AR work/DEM_1BIT/Behavioral 1544327195 \
      FL H:/BAI_1_MR_DEM_LEN_DICH_TSP_DEM_XUONG_DICH_PST/DEM_1BIT.vhd \
      EN work/DEM_1BIT 1544327194
FL H:/BAI_1_MR_DEM_LEN_DICH_TSP_DEM_XUONG_DICH_PST/DEM_1BIT_BTN.vhd 2018/09/29.10:20:54 P.20131013
EN work/DEM_1BIT_BTN 1544327198 \
      FL H:/BAI_1_MR_DEM_LEN_DICH_TSP_DEM_XUONG_DICH_PST/DEM_1BIT_BTN.vhd \
      PB ieee/std_logic_1164 1381692176 PB ieee/std_logic_arith 1381692177 \
      PB ieee/STD_LOGIC_UNSIGNED 1381692179
AR work/DEM_1BIT_BTN/Behavioral 1544327199 \
      FL H:/BAI_1_MR_DEM_LEN_DICH_TSP_DEM_XUONG_DICH_PST/DEM_1BIT_BTN.vhd \
      EN work/DEM_1BIT_BTN 1544327198 CP work/CD_LAM_HEP_BTN CP work/DEM_1BIT
FL H:/BAI_1_MR_DEM_LEN_DICH_TSP_DEM_XUONG_DICH_PST/DEM_2SO_UD.vhd 2018/12/07.08:12:30 P.20131013
EN work/DEM_2SO_UD 1544327200 \
      FL H:/BAI_1_MR_DEM_LEN_DICH_TSP_DEM_XUONG_DICH_PST/DEM_2SO_UD.vhd \
      PB ieee/std_logic_1164 1381692176 PB ieee/std_logic_arith 1381692177 \
      PB ieee/STD_LOGIC_UNSIGNED 1381692179
AR work/DEM_2SO_UD/Behavioral 1544327201 \
      FL H:/BAI_1_MR_DEM_LEN_DICH_TSP_DEM_XUONG_DICH_PST/DEM_2SO_UD.vhd \
      EN work/DEM_2SO_UD 1544327200
FL H:/BAI_1_MR_DEM_LEN_DICH_TSP_DEM_XUONG_DICH_PST/LAM_HEP_XUNG.vhd 2018/09/29.10:17:21 P.20131013
EN work/LAM_HEP_XUNG 1544327190 \
      FL H:/BAI_1_MR_DEM_LEN_DICH_TSP_DEM_XUONG_DICH_PST/LAM_HEP_XUNG.vhd \
      PB ieee/std_logic_1164 1381692176
AR work/LAM_HEP_XUNG/Behavioral 1544327191 \
      FL H:/BAI_1_MR_DEM_LEN_DICH_TSP_DEM_XUONG_DICH_PST/LAM_HEP_XUNG.vhd \
      EN work/LAM_HEP_XUNG 1544327190
FL H:/BAI_1_MR_DEM_LEN_DICH_TSP_DEM_XUONG_DICH_PST/LCD_GAN_DULIEU_HIENTHI.vhd 2018/12/07.08:39:33 P.20131013
EN work/LCD_GAN_DULIEU_HIENTHI 1544327202 \
      FL H:/BAI_1_MR_DEM_LEN_DICH_TSP_DEM_XUONG_DICH_PST/LCD_GAN_DULIEU_HIENTHI.vhd \
      PB ieee/std_logic_1164 1381692176 PB ieee/STD_LOGIC_UNSIGNED 1381692179 \
      PB ieee/std_logic_arith 1381692177
AR work/LCD_GAN_DULIEU_HIENTHI/Behavioral 1544327203 \
      FL H:/BAI_1_MR_DEM_LEN_DICH_TSP_DEM_XUONG_DICH_PST/LCD_GAN_DULIEU_HIENTHI.vhd \
      EN work/LCD_GAN_DULIEU_HIENTHI 1544327202
FL H:/BAI_1_MR_DEM_LEN_DICH_TSP_DEM_XUONG_DICH_PST/LCD_KHOITAO_HIENTHI.vhd 2018/11/27.12:02:49 P.20131013
EN work/LCD_KHOITAO_HIENTHI 1544327204 \
      FL H:/BAI_1_MR_DEM_LEN_DICH_TSP_DEM_XUONG_DICH_PST/LCD_KHOITAO_HIENTHI.vhd \
      PB ieee/std_logic_1164 1381692176 PB ieee/std_logic_arith 1381692177 \
      PB ieee/STD_LOGIC_UNSIGNED 1381692179
AR work/LCD_KHOITAO_HIENTHI/Behavioral 1544327205 \
      FL H:/BAI_1_MR_DEM_LEN_DICH_TSP_DEM_XUONG_DICH_PST/LCD_KHOITAO_HIENTHI.vhd \
      EN work/LCD_KHOITAO_HIENTHI 1544327204
FL H:/BAI_1_MR_DEM_LEN_DICH_TSP_DEM_XUONG_DICH_PST/LCD_MR_HENTHI_DEM_LEN_XUONG_DICH_TSP_PST.vhd 2018/12/07.08:41:11 P.20131013
EN work/LCD_MR_HENTHI_DEM_LEN_XUONG_DICH_TSP_PST 1544327206 \
      FL H:/BAI_1_MR_DEM_LEN_DICH_TSP_DEM_XUONG_DICH_PST/LCD_MR_HENTHI_DEM_LEN_XUONG_DICH_TSP_PST.vhd \
      PB ieee/std_logic_1164 1381692176
AR work/LCD_MR_HENTHI_DEM_LEN_XUONG_DICH_TSP_PST/Behavioral 1544327207 \
      FL H:/BAI_1_MR_DEM_LEN_DICH_TSP_DEM_XUONG_DICH_PST/LCD_MR_HENTHI_DEM_LEN_XUONG_DICH_TSP_PST.vhd \
      EN work/LCD_MR_HENTHI_DEM_LEN_XUONG_DICH_TSP_PST 1544327206 \
      CP work/CHIA_10ENA CP work/DEM_1BIT_BTN CP work/DEM_2SO_UD \
      CP work/LCD_GAN_DULIEU_HIENTHI CP work/LCD_KHOITAO_HIENTHI
